[0] = package com.example.helloworld;

public interface RpcStatus {
  StatusOuterClass.StatusResponse handleGetStatus(Core.Empty in);
}

[1] = package com.example.helloworld;

import com.google.protobuf.util.JsonFormat;
import java.io.InputStreamReader;
import java.lang.Exception;
import java.nio.charset.StandardCharsets;
import javax.servlet.http.HttpServletRequest;
import javax.servlet.http.HttpServletResponse;
import javax.ws.rs.POST;
import javax.ws.rs.Path;
import javax.ws.rs.core.Context;

@Path("/twirp/com.example.helloworld.Status")
public class RpcStatusResource {
  private final RpcStatus service;

  public RpcStatusResource(RpcStatus service) {
    this.service = service;
  }

  @POST
  @Path("/GetStatus")
  public void handleGetStatus(@Context HttpServletRequest request,
      @Context HttpServletResponse response) throws Exception {
    boolean json = false;
    final Core.Empty data;
    if (request.getContentType().equals("application/protobuf")) {
      data = Core.Empty.parseFrom(request.getInputStream());
    } else if (request.getContentType().startsWith("application/json")) {
      json = true;
      Core.Empty.Builder builder = Core.Empty.newBuilder();
      try (InputStreamReader reader = new InputStreamReader(request.getInputStream(), StandardCharsets.UTF_8)) {
        JsonFormat.parser().merge(reader, builder);
      }
      data = builder.build();
    } else {
      response.setStatus(415);
      response.flushBuffer();
      return;
    }
    StatusOuterClass.StatusResponse retval = service.handleGetStatus(data);
    response.setStatus(200);
    if (json) {
      response.setContentType("application/json; charset=utf-8");
      response.getOutputStream().write(JsonFormat.printer().omittingInsignificantWhitespace().print(retval).getBytes(StandardCharsets.UTF_8));
    } else {
      response.setContentType("application/protobuf");
      retval.writeTo(response.getOutputStream());
    }
    response.flushBuffer();
  }
}

